     548  ./agent/localize.go
     647  ./agent/session.go
    1250  ./agent/tools/write_enriched_sprint.go
    1159  ./cmd/tracker-swebench/analyze.go
     631  ./cmd/tracker/commands.go
    1018  ./cmd/tracker/run.go
     502  ./llm/anthropic/adapter.go
     548  ./llm/openai/translate.go
     931  ./pipeline/dippin_adapter.go
    1082  ./pipeline/engine_run.go
     781  ./pipeline/engine.go
     578  ./pipeline/events_jsonl.go
     769  ./pipeline/git_preflight.go
     564  ./pipeline/handlers/autopilot.go
     659  ./pipeline/handlers/backend_acp_client.go
     652  ./pipeline/handlers/backend_acp.go
    1133  ./pipeline/handlers/codergen.go
     992  ./pipeline/handlers/human.go
     771  ./pipeline/handlers/manager_loop.go
     583  ./pipeline/handlers/parallel.go
     589  ./pipeline/handlers/tool.go
     532  ./pipeline/node_config.go
     902  ./tracker_diagnose.go
    1687  ./tracker_doctor.go
     993  ./tracker.go
     784  ./tui/agentlog.go
     947  ./tui/interview_content.go
