10 agent FormatEventLine agent/format.go:15:1
10 agent isLikelyVersion agent/localize.go:159:1
10 agent localize agent/localize.go:204:1
10 handlers (*ParallelHandler).Execute pipeline/handlers/parallel.go:56:1
10 handlers namespaceSteerKeys pipeline/handlers/manager_loop.go:324:1
10 main chooseTUIInterviewer cmd/tracker/run.go:979:1
10 main loadAndValidatePipeline cmd/tracker/run.go:470:1
10 main parseRunFlags cmd/tracker/flags.go:134:1
10 main printTokensByProvider cmd/tracker/summary.go:337:1
10 main resolvePredictionsPath cmd/tracker-swebench/analyze.go:317:1
10 pipeline (*Engine).initRunState pipeline/engine_run.go:286:1
10 pipeline (*JSONLEventHandler).WriteAgentEvent pipeline/events_jsonl.go:311:1
10 pipeline buildLogEntry pipeline/events_jsonl.go:230:1
10 pipeline checkGit pipeline/git_preflight.go:728:1
10 pipeline InjectPipelineContext pipeline/transforms.go:143:1
10 tools (*GenerateCodeTool).Execute agent/tools/generate_code.go:120:1
10 tools applySRBlocks agent/tools/write_enriched_sprint.go:869:1
10 tools commonLeadingIndent agent/tools/write_enriched_sprint.go:1061:1
11 agent (*Session).Run agent/session.go:175:1
11 agent (*Session).runVerifyLoop agent/session.go:470:1
11 exec RunJailExec agent/exec/jail_linux.go:145:1
11 exec SafeRemove agent/exec/jail_linux.go:361:1
11 google (*Adapter).processSSELine llm/google/adapter.go:230:1
11 handlers (*acpClientHandler).CreateTerminal pipeline/handlers/backend_acp_client.go:399:1
11 llm (*TokenTracker).WrapComplete llm/token_tracker.go:30:1
11 main checkGitignore cmd/tracker/doctor.go:220:1
11 main computeErrorClassDistribution cmd/tracker-swebench/analyze.go:897:1
11 main NewResultsWriter cmd/tracker-swebench/results.go:41:1
11 main readPredictions cmd/tracker-swebench/analyze.go:344:1
11 main runTUI cmd/tracker/run.go:507:1
11 pipeline (*Engine).handleExitNode pipeline/engine_run.go:925:1
11 pipeline addIREdges pipeline/dippin_adapter.go:127:1
11 pipeline compactMedium pipeline/fidelity.go:172:1
11 pipeline ExtractDeclaredWrites pipeline/context_writes.go:32:1
11 pipeline trk102ReverseDFSFail pipeline/lint_tracker.go:293:1
11 tools (*GenerateCodeTool).generateSingleCall agent/tools/generate_code.go:218:1
11 tracker findRunDirMatchLib tracker_activity.go:38:1
11 tracker resolveRunIDToDir tracker_resolve.go:137:1
12 agent (*Session).executeToolCalls agent/session_run.go:309:1
12 exec validateDoubleStarPlacement agent/exec/jail.go:254:1
12 exec validateGlobEntry agent/exec/jail.go:167:1
12 handlers (*ToolHandler).execAndBuildOutcome pipeline/handlers/tool.go:461:1
12 main BuildAnalyzeReportWithPredictions cmd/tracker-swebench/analyze.go:210:1
12 main expandSubgraphChildren cmd/tracker/nodes.go:41:1
12 main main cmd/tracker/main.go:109:1
12 main printCheckResult cmd/tracker/doctor.go:127:1
12 main runSimulateBundle cmd/tracker/simulate.go:119:1
12 pipeline (*Engine).executeNode pipeline/engine_run.go:533:1
12 pipeline (*Node).ParallelConfig pipeline/node_config.go:440:1
12 pipeline lintTRK102 pipeline/lint_tracker.go:199:1
12 pipeline resolveVariableValue pipeline/expand.go:132:1
12 pipeline runAutoInit pipeline/git_preflight.go:388:1
12 tools (*ReadTool).Execute agent/tools/read.go:51:1
13 handlers (*ManagerLoopHandler).handleChildResult pipeline/handlers/manager_loop.go:617:1
13 handlers matchFreeformLabel pipeline/handlers/human.go:719:1
13 tools parseSRBlocks agent/tools/write_enriched_sprint.go:811:1
13 tracker simBFSNodeOrder tracker_simulate.go:190:1
13 tracker suggestionsForNodeFailure tracker_diagnose.go:858:1
14 handlers buildInterviewAnswersObjectJSON pipeline/handlers/human.go:878:1
14 handlers isExecFdRedirectOnly pipeline/handlers/tool_safety.go:113:1
14 main runSimulateCmd cmd/tracker/simulate.go:31:1
14 pipeline extractParallelAttrs pipeline/dippin_adapter.go:468:1
14 tracker buildExecutionPlan tracker_simulate.go:150:1
14 tracker mostRecentRunID tracker_activity.go:71:1
14 tracker ScanActivityLog tracker_activity.go:189:1
15 main computeTopLongestUnresolved cmd/tracker-swebench/analyze.go:855:1
15 pipeline ExpandGraphVariables pipeline/transforms.go:43:1
15 pipeline matchBalancedBrace pipeline/context_writes.go:213:1
15 tools (*DispatchSprintsTool).runOneWithRetry agent/tools/dispatch_sprints.go:239:1
16 handlers applyDeclaredWrites pipeline/handlers/declared_writes.go:22:1
16 handlers checkCommandDenylist pipeline/handlers/tool_safety.go:158:1
16 handlers matchOneGlob pipeline/handlers/codergen_jail.go:198:1
16 pipeline (*SubgraphHandler).Execute pipeline/subgraph.go:58:1
16 tools levenshteinDistance agent/tools/write_enriched_sprint.go:1161:1
16 tools readDispatchPlan agent/tools/dispatch_sprints.go:90:1
17 agent (*Session).turnHasEdits agent/session.go:412:1
17 handlers configureJail pipeline/handlers/codergen_jail.go:69:1
17 pipeline lintTRK101 pipeline/lint_tracker.go:60:1
17 tools nearbyContext agent/tools/edit.go:113:1
18 handlers parseManagerLoopConfig pipeline/handlers/manager_loop.go:84:1
18 pipeline (*JSONLEventHandler).writeSnapshot pipeline/events_jsonl.go:511:1
18 tools parseAuditResponse agent/tools/write_enriched_sprint.go:738:1
19 agent scanFiles agent/localize.go:251:1
19 main computeTopEmpty cmd/tracker-swebench/analyze.go:786:1
19 main findEvaluatorReport cmd/tracker-swebench/analyze.go:609:1
19 tracker enrichFromActivity tracker_diagnose.go:415:1
20 agent (*Session).runTurnLoop agent/session.go:234:1
20 tracker parseWorkflowHeaderReader tracker_workflows.go:93:1
21 exec SafeMkdirAll agent/exec/jail_linux.go:291:1
21 main main cmd/tracker-swebench/agent-runner/main.go:117:1
21 tracker ResolveSource tracker_resolve.go:26:1
22 main computePerRepo cmd/tracker-swebench/analyze.go:730:1
22 pipeline extractBracedJSON pipeline/context_writes.go:164:1
22 tools (*DispatchSprintsTool).Execute agent/tools/dispatch_sprints.go:135:1
23 main (*DockerRunner).RunInstance cmd/tracker-swebench/docker.go:226:1
23 main scanLogsDir cmd/tracker-swebench/analyze.go:416:1
23 tracker buildAuditRecommendations tracker_audit.go:376:1
24 agent extractSnippet agent/localize.go:494:1
24 handlers refuseBranchFallbackTargets pipeline/handlers/parallel.go:187:1
24 pipeline safetyLatches pipeline/git_preflight.go:491:1
26 agent (*Session).initConversation agent/session_run.go:23:1
26 agent extractRefs agent/localize.go:87:1
26 pipeline (*Node).RetryConfig pipeline/node_config.go:485:1
27 main parseInstanceLog cmd/tracker-swebench/analyze.go:478:1
27 tools searchFileWithContext agent/tools/grep.go:318:1
28 agent scoreFiles agent/localize.go:362:1
28 handlers (*CodergenHandler).buildConfig pipeline/handlers/codergen.go:912:1
29 tools (*WriteEnrichedSprintTool).RunOne agent/tools/write_enriched_sprint.go:526:1
30 handlers (*NativeBackend).Run pipeline/handlers/backend_native.go:36:1
30 tracker ResolveBudgetLimits tracker.go:509:1
31 tools (*GrepSearchTool).searchDir agent/tools/grep.go:173:1
35 pipeline Preflight pipeline/git_preflight.go:77:1
53 handlers (*ManagerLoopHandler).Execute pipeline/handlers/manager_loop.go:391:1
65 tracker buildSuggestions tracker_diagnose.go:609:1
74 main main cmd/tracker-swebench/main.go:22:1
76 pipeline (*Node).AgentConfig pipeline/node_config.go:116:1
9 agent compactBashSummary agent/compaction.go:52:1
9 exec parseJailExecArgs agent/exec/jail_linux.go:218:1
9 exec validateExistingAncestorEscape agent/exec/jail.go:128:1
9 exec validateWorkingDirEscape agent/exec/jail.go:68:1
9 handlers normalizeInterviewQuestionKey pipeline/handlers/human.go:903:1
9 handlers resolveWebhookChoice pipeline/handlers/webhook_interviewer.go:414:1
9 handlers validatePathInWorkDir pipeline/handlers/backend_acp_client.go:282:1
9 llm EstimateCost llm/pricing.go:23:1
9 main executeRun cmd/tracker/commands.go:260:1
9 main LoadDataset cmd/tracker-swebench/dataset.go:55:1
9 main maybeFixGitignore cmd/tracker/doctor.go:202:1
9 main parseConfig cmd/tracker-swebench/agent-runner/main.go:67:1
9 main run cmd/tracker/run.go:186:1
9 main writePerRepo cmd/tracker-swebench/analyze.go:1020:1
9 main writeTopEmpty cmd/tracker-swebench/analyze.go:1056:1
9 pipeline (*BudgetGuard).Check pipeline/budget.go:91:1
9 pipeline (*Engine).Run pipeline/engine.go:218:1
9 pipeline ApplyGraphParamOverrides pipeline/params.go:35:1
9 tools (*WriteEnrichedSprintTool).resolveOutputDir agent/tools/write_enriched_sprint.go:502:1
9 tools parseFiles agent/tools/generate_code.go:281:1
9 tracker classifyStatus tracker_audit.go:284:1
