10 agent (*Session).Run agent/session.go:175:1
10 agent (*Session).turnHasEdits agent/session.go:412:1
10 agent FormatEventLine agent/format.go:15:1
10 exec SafeRemove agent/exec/jail_linux.go:361:1
10 handlers (*acpClientHandler).CreateTerminal pipeline/handlers/backend_acp_client.go:399:1
10 main checkGitignore cmd/tracker/doctor.go:220:1
10 main computeTopLongestUnresolved cmd/tracker-swebench/analyze.go:855:1
10 main printTokensByProvider cmd/tracker/summary.go:337:1
10 main run cmd/tracker/run.go:186:1
10 pipeline (*Engine).handleExitNode pipeline/engine_run.go:925:1
10 pipeline (*Engine).initRunState pipeline/engine_run.go:286:1
10 pipeline (*Node).ParallelConfig pipeline/node_config.go:440:1
10 pipeline buildLogEntry pipeline/events_jsonl.go:230:1
10 pipeline ExtractDeclaredWrites pipeline/context_writes.go:32:1
10 pipeline lintTRK101 pipeline/lint_tracker.go:60:1
10 pipeline runAutoInit pipeline/git_preflight.go:388:1
10 tools levenshteinDistance agent/tools/write_enriched_sprint.go:1161:1
10 tracker enrichFromEntry tracker_diagnose.go:530:1
10 tracker resolveProviderBaseURLWithGateway tracker.go:723:1
10 tui AdaptAgentEvent tui/adapter.go:115:1
11 agent (*Session).runTurnLoop agent/session.go:234:1
11 agent localize agent/localize.go:204:1
11 agent scanFiles agent/localize.go:251:1
11 exec RunJailExec agent/exec/jail_linux.go:145:1
11 google buildGenerationConfig llm/google/translate.go:184:1
11 handlers (*ParallelHandler).Execute pipeline/handlers/parallel.go:56:1
11 handlers matchOneGlob pipeline/handlers/codergen_jail.go:198:1
11 handlers refuseBranchFallbackTargets pipeline/handlers/parallel.go:187:1
11 main main cmd/tracker/main.go:109:1
11 main parseRunFlags cmd/tracker/flags.go:134:1
11 pipeline ExpandGraphVariables pipeline/transforms.go:43:1
11 tools nearbyContext agent/tools/edit.go:113:1
11 tools readDispatchPlan agent/tools/dispatch_sprints.go:90:1
11 tracker classifyStatus tracker_audit.go:284:1
11 tracker gatewaySuffix tracker.go:669:1
12 agent (*Session).initConversation agent/session_run.go:23:1
12 exec validateGlobEntry agent/exec/jail.go:167:1
12 handlers (*ToolHandler).execAndBuildOutcome pipeline/handlers/tool.go:461:1
12 main BuildAnalyzeReportWithPredictions cmd/tracker-swebench/analyze.go:210:1
12 main findEvaluatorReport cmd/tracker-swebench/analyze.go:609:1
12 main runTUI cmd/tracker/run.go:507:1
12 pipeline matchBalancedBrace pipeline/context_writes.go:213:1
12 tools (*ReadTool).Execute agent/tools/read.go:51:1
13 handlers configureJail pipeline/handlers/codergen_jail.go:69:1
13 main classifyRunError cmd/tracker-swebench/results.go:188:1
13 main computePerRepo cmd/tracker-swebench/analyze.go:730:1
13 main computeTopEmpty cmd/tracker-swebench/analyze.go:786:1
13 main scanLogsDir cmd/tracker-swebench/analyze.go:416:1
14 agent compactBashSummary agent/compaction.go:52:1
14 exec SafeMkdirAll agent/exec/jail_linux.go:291:1
14 handlers applyDeclaredWrites pipeline/handlers/declared_writes.go:22:1
14 handlers isExecFdRedirectOnly pipeline/handlers/tool_safety.go:113:1
14 main main cmd/tracker-swebench/agent-runner/main.go:117:1
14 main runSimulateCmd cmd/tracker/simulate.go:31:1
14 pipeline extractBracedJSON pipeline/context_writes.go:164:1
14 tools (*GrepSearchTool).searchDir agent/tools/grep.go:173:1
15 agent extractSnippet agent/localize.go:494:1
15 handlers parseManagerLoopConfig pipeline/handlers/manager_loop.go:84:1
15 main printCheckResult cmd/tracker/doctor.go:127:1
15 pipeline (*JSONLEventHandler).writeSnapshot pipeline/events_jsonl.go:511:1
15 pipeline (*SubgraphHandler).Execute pipeline/subgraph.go:58:1
15 pipeline resolveVariableValue pipeline/expand.go:132:1
15 pipeline safetyLatches pipeline/git_preflight.go:491:1
15 tools searchFileWithContext agent/tools/grep.go:318:1
15 tracker buildAuditRecommendations tracker_audit.go:376:1
16 tracker ResolveSource tracker_resolve.go:26:1
16 tracker suggestionsForNodeFailure tracker_diagnose.go:858:1
18 agent scoreFiles agent/localize.go:362:1
18 handlers (*NativeBackend).Run pipeline/handlers/backend_native.go:36:1
18 tracker enrichFromActivity tracker_diagnose.go:415:1
19 main parseInstanceLog cmd/tracker-swebench/analyze.go:478:1
19 pipeline (*Node).RetryConfig pipeline/node_config.go:485:1
19 tracker ResolveBudgetLimits tracker.go:509:1
20 agent extractRefs agent/localize.go:87:1
20 tools (*DispatchSprintsTool).Execute agent/tools/dispatch_sprints.go:135:1
20 tools parseAuditResponse agent/tools/write_enriched_sprint.go:738:1
21 main (*DockerRunner).RunInstance cmd/tracker-swebench/docker.go:226:1
21 tools (*WriteEnrichedSprintTool).RunOne agent/tools/write_enriched_sprint.go:526:1
25 handlers (*CodergenHandler).buildConfig pipeline/handlers/codergen.go:912:1
25 pipeline Preflight pipeline/git_preflight.go:77:1
27 handlers (*ManagerLoopHandler).Execute pipeline/handlers/manager_loop.go:391:1
43 tracker buildSuggestions tracker_diagnose.go:609:1
44 main main cmd/tracker-swebench/main.go:22:1
67 pipeline (*Node).AgentConfig pipeline/node_config.go:116:1
9 exec parseJailExecArgs agent/exec/jail_linux.go:218:1
9 google (*Adapter).processSSELine llm/google/adapter.go:230:1
9 handlers (*ManagerLoopHandler).handleChildResult pipeline/handlers/manager_loop.go:617:1
9 handlers matchFreeformLabel pipeline/handlers/human.go:719:1
9 handlers validatePathInWorkDir pipeline/handlers/backend_acp_client.go:282:1
9 main computeErrorClassDistribution cmd/tracker-swebench/analyze.go:897:1
9 main expandSubgraphChildren cmd/tracker/nodes.go:41:1
9 pipeline (*Engine).executeNode pipeline/engine_run.go:533:1
9 pipeline (*Engine).Run pipeline/engine.go:218:1
9 pipeline (*JSONLEventHandler).WriteAgentEvent pipeline/events_jsonl.go:311:1
9 pipeline checkGit pipeline/git_preflight.go:728:1
9 pipeline extractParallelAttrs pipeline/dippin_adapter.go:468:1
9 pipeline extractPtrNodeAttrs pipeline/dippin_adapter.go:251:1
9 pipeline extractValueNodeAttrs pipeline/dippin_adapter.go:225:1
9 tools (*DispatchSprintsTool).runOneWithRetry agent/tools/dispatch_sprints.go:239:1
9 tools (*GenerateCodeTool).Execute agent/tools/generate_code.go:120:1
9 tools commonLeadingIndent agent/tools/write_enriched_sprint.go:1061:1
9 tracker buildExecutionPlan tracker_simulate.go:150:1
9 tracker findRunDirMatchLib tracker_activity.go:38:1
9 tracker mostRecentRunID tracker_activity.go:71:1
9 tracker parseWorkflowHeaderReader tracker_workflows.go:93:1
9 tracker resolveRunIDToDir tracker_resolve.go:137:1
9 tui (*AgentLog).applyStreamMsgContent tui/agentlog.go:185:1
