const CheckStatusError CheckStatus
const CheckStatusHint CheckStatus
const CheckStatusOK CheckStatus
const CheckStatusSkip CheckStatus
const CheckStatusWarn CheckStatus
const FormatDOT
const FormatDip
const GatewayKindBedrock GatewayKind
const GatewayKindCFAIG GatewayKind
const GitPreflightAuto
const GitPreflightInit
const GitPreflightOff
const GitPreflightRequire
const GitPreflightWarn
const PinnedDippinVersion
const RunCanceled RunState
const RunFailed RunState
const RunPaused RunState
const RunRunning RunState
const RunStarting RunState
const RunSucceeded RunState
const SuggestionAuditLogInjection SuggestionKind
const SuggestionAutoStatusMissing SuggestionKind
const SuggestionBudget SuggestionKind
const SuggestionConditionalFallthrough SuggestionKind
const SuggestionCostAsymmetry SuggestionKind
const SuggestionEscalateLimit SuggestionKind
const SuggestionGoTest SuggestionKind
const SuggestionNoOutput SuggestionKind
const SuggestionRetryPattern SuggestionKind
const SuggestionShellCommand SuggestionKind
const SuggestionSuspiciousTiming SuggestionKind
const SuggestionToolMarkerMissing SuggestionKind
const SuggestionToolOutputTruncated SuggestionKind
const SuggestionToolRouteMissing SuggestionKind
func AnalyzeTestFidelity(string) (*TestFidelityReport, error)
func Audit(context.Context, string) (*AuditReport, error)
func ClassifyFailure(error) FailureCause
func DetectTestRaces(context.Context, string) (*TestRaceReport, error)
func Diagnose(context.Context, string, ...DiagnoseConfig) (*DiagnoseReport, error)
func DiagnoseMostRecent(context.Context, string, ...DiagnoseConfig) (*DiagnoseReport, error)
func Doctor(context.Context, DoctorConfig, ...DoctorOption) (*DoctorReport, error)
func EstimateRun(context.Context, string) (*RunEstimate, error)
func ExportBundle(string, string) error
func ListRuns(string, ...AuditConfig) ([]RunSummary, error)
func LoadActivityLog(string) ([]ActivityEntry, error)
func LookupWorkflow(string) (WorkflowInfo, bool)
func MostRecentRunID(string) (string, error)
func NewEngine(string, Config) (*Engine, error)
func NewEngineFromGraph(context.Context, *pipeline.Graph, Config) (*Engine, error)
func NewEngineWithContext(context.Context, string, Config) (*Engine, error)
func NewLLMClient(Config) (*llm.Client, error)
func NewNDJSONWriter(io.Writer) *NDJSONWriter
func NewRunManager(...RunManagerOption) *RunManager
func OpenWorkflow(string) ([]byte, WorkflowInfo, error)
func ParseActivityLine(string) (ActivityEntry, bool)
func ResolveActivityLogPath(string) (string, bool)
func ResolveBudgetLimits(pipeline.BudgetLimits, *pipeline.Graph) pipeline.BudgetLimits
func ResolveCheckpoint(string, string) (string, error)
func ResolveGitConfig(Config) (GitPreflight, bool)
func ResolveProviderBaseURL(string) string
func ResolveProviderBaseURLStrict(string) (string, error)
func ResolveRunDir(string, string) (string, error)
func ResolveSource(string, string) (string, WorkflowInfo, error)
func Run(context.Context, string, Config) (*Result, error)
func RunStatusTimeline(string) ([]StatusEntry, error)
func ScanActivityLog(string) (*ActivityLogScan, error)
func SetDiagnosticLogger(*slog.Logger)
func Simulate(context.Context, string) (*SimulateReport, error)
func SimulateGraph(context.Context, *pipeline.Graph) (*SimulateReport, error)
func SortActivityByTime([]ActivityEntry)
func ValidateSource(string, ...ValidateOption) (*ValidationResult, error)
func WithGitConfig(GitPreflight, bool) DoctorOption
func WithMaxConcurrent(int) RunManagerOption
func WithValidateFormat(string) ValidateOption
func WithVersionInfo(string, string) DoctorOption
func WithWorkDirBase(string) RunManagerOption
func Workflows() []WorkflowInfo
method (*Engine) Close() error
method (*Engine) Run(context.Context) (*Result, error)
method (*Engine) TokenTracker() *llm.TokenTracker
method (*ManagedRun) Done() <-chan struct{}
method (*ManagedRun) Result() (*Result, error)
method (*ManagedRun) ResumeRunID() string
method (*ManagedRun) RunID() string
method (*ManagedRun) State() RunState
method (*NDJSONWriter) AgentHandler() agent.EventHandler
method (*NDJSONWriter) PipelineHandler() pipeline.PipelineEventHandler
method (*NDJSONWriter) TraceObserver() llm.TraceObserver
method (*NDJSONWriter) Write(StreamEvent) error
method (*RunManager) Cancel(string) bool
method (*RunManager) Forget(string) bool
method (*RunManager) Get(string) (*ManagedRun, bool)
method (*RunManager) List() []*ManagedRun
method (*RunManager) Start(context.Context, string, string, Config) (*ManagedRun, error)
method (RunState) Terminal() bool
type ActivityEntry struct
type ActivityEntry.AttemptNo field int
type ActivityEntry.AutoStatusFailClosed field bool
type ActivityEntry.AutoStatusTail field string
type ActivityEntry.BundleIdentity field string
type ActivityEntry.CacheReadTokens field int
type ActivityEntry.CacheWriteTokens field int
type ActivityEntry.CallID field string
type ActivityEntry.ClearedNodes field []string
type ActivityEntry.ConditionMatch field *bool
type ActivityEntry.ConditionsTried field []pipeline.ConditionEval
type ActivityEntry.Content field string
type ActivityEntry.ContextSnapshot field map[string]string
type ActivityEntry.ContextUpdates field map[string]string
type ActivityEntry.ContextUtilization field float64
type ActivityEntry.EdgeCondition field string
type ActivityEntry.EdgeFrom field string
type ActivityEntry.EdgePriority field string
type ActivityEntry.EdgeTo field string
type ActivityEntry.Error field string
type ActivityEntry.Estimated field bool
type ActivityEntry.EstimatedCost field float64
type ActivityEntry.FinishReason field string
type ActivityEntry.GateActor field pipeline.Actor
type ActivityEntry.GateChoices field []string
type ActivityEntry.GateID field string
type ActivityEntry.GateLabel field string
type ActivityEntry.GateMode field string
type ActivityEntry.GateOutcome field string
type ActivityEntry.GatePrompt field string
type ActivityEntry.GateQuestions field []pipeline.GateQuestion
type ActivityEntry.GateResponse field string
type ActivityEntry.GateTimedOut field bool
type ActivityEntry.MarkerError field string
type ActivityEntry.MarkerPattern field string
type ActivityEntry.MarkerTail field string
type ActivityEntry.Message field string
type ActivityEntry.Model field string
type ActivityEntry.NodeID field string
type ActivityEntry.NodeKind field string
type ActivityEntry.OutcomeStatus field string
type ActivityEntry.OverrideActor field pipeline.Actor
type ActivityEntry.OverrideGate field string
type ActivityEntry.OverrideLabel field string
type ActivityEntry.OverrideSubgraphPath field []string
type ActivityEntry.ParentSessionID field string
type ActivityEntry.Provider field string
type ActivityEntry.ProviderTotals field map[string]pipeline.ProviderUsage
type ActivityEntry.ReasoningTokens field int
type ActivityEntry.RestartCount field *int
type ActivityEntry.RouteTail field string
type ActivityEntry.RunID field string
type ActivityEntry.SessionID field string
type ActivityEntry.Source field string
type ActivityEntry.TerminalStatus field string
type ActivityEntry.Timestamp field time.Time
type ActivityEntry.TokenInput field int
type ActivityEntry.TokenOutput field int
type ActivityEntry.ToolCacheHits field int
type ActivityEntry.ToolCacheMisses field int
type ActivityEntry.ToolDurationMs field int64
type ActivityEntry.ToolInput field string
type ActivityEntry.ToolName field string
type ActivityEntry.TotalCostUSD field float64
type ActivityEntry.TotalTokens field int
type ActivityEntry.TruncCaptured field int
type ActivityEntry.TruncDropped field int
type ActivityEntry.TruncLimit field int
type ActivityEntry.TruncStream field string
type ActivityEntry.TruncTotal field int
type ActivityEntry.TurnDurationMs field int64
type ActivityEntry.TurnNo field int
type ActivityEntry.Type field string
type ActivityEntry.WallElapsedMs field int64
type ActivityError struct
type ActivityError.Message field string
type ActivityError.NodeID field string
type ActivityError.Timestamp field time.Time
type ActivityLogScan struct
type ActivityLogScan.Entries field []ActivityEntry
type ActivityLogScan.InjectedLines field int
type ActivityLogScan.Path field string
type ActivityLogScan.SecureUsed field bool
type ActivityLogScan.SentinelLines field int
type ActivityLogScan.TotalLines field int
type AuditConfig struct
type AuditConfig.LogWriter field io.Writer
type AuditReport struct
type AuditReport.BundleIdentity field string
type AuditReport.CheckpointTimestamp field time.Time
type AuditReport.CompletedNodes field int
type AuditReport.Errors field []ActivityError
type AuditReport.OverrideCount field int
type AuditReport.Recommendations field []string
type AuditReport.RestartCount field int
type AuditReport.Retries field []RetryRecord
type AuditReport.RunID field string
type AuditReport.Status field string
type AuditReport.StatusClass field string
type AuditReport.Timeline field []TimelineEntry
type AuditReport.TotalDuration field time.Duration
type AuditReport.ValidationOverrides field []pipeline.OverrideDetail
type BudgetHalt struct
type BudgetHalt.Message field string
type BudgetHalt.TotalCostUSD field float64
type BudgetHalt.TotalTokens field int
type BudgetHalt.WallElapsedMs field int64
type CaptureConfig struct
type CaptureConfig.CaptureRawLLM field bool
type CaptureConfig.ForcedBundleMismatch field *ForcedBundleMismatch
type CaptureConfig.Source field string
type CaptureConfig.SourcePath field string
type CaptureConfig.Workflow field *ir.Workflow
type CheckDetail struct
type CheckDetail.Hint field string
type CheckDetail.Message field string
type CheckDetail.Status field CheckStatus
type CheckResult struct
type CheckResult.Details field []CheckDetail
type CheckResult.Hint field string
type CheckResult.Message field string
type CheckResult.Name field string
type CheckResult.Status field CheckStatus
type CheckStatus string
type Config struct
type Config.AgentEvents field agent.EventHandler
type Config.ArtifactDir field string
type Config.AutoApprove field bool
type Config.Autopilot field string
type Config.Backend field string
type Config.Budget field pipeline.BudgetLimits
type Config.BundleIdentity field string
type Config.Capture field *CaptureConfig
type Config.CheckpointDir field string
type Config.Context field map[string]string
type Config.EventHandler field pipeline.PipelineEventHandler
type Config.Format field string
type Config.GatewayKind field GatewayKind
type Config.GatewayURL field string
type Config.Git field *GitConfig
type Config.GitArtifacts field bool
type Config.Interviewer field handlers.Interviewer
type Config.LLMClient field agent.Completer
type Config.LLMTrace field llm.TraceObserver
type Config.Model field string
type Config.Params field map[string]string
type Config.Provider field string
type Config.ResumeRunID field string
type Config.RetryPolicy field string
type Config.SteeringChan field <-chan map[string]string
type Config.Subgraphs field map[string]*pipeline.Graph
type Config.TokenTracker field *llm.TokenTracker
type Config.ToolSafety field *handlers.ToolHandlerConfig
type Config.WebhookGate field *WebhookGateConfig
type Config.WorkingDir field string
type CostReport struct
type CostReport.ByProvider field map[string]llm.ProviderCost
type CostReport.LimitsHit field []string
type CostReport.TotalUSD field float64
type DiagnoseConfig struct
type DiagnoseConfig.LogWriter field io.Writer
type DiagnoseReport struct
type DiagnoseReport.BudgetHalt field *BudgetHalt
type DiagnoseReport.CompletedNodes field int
type DiagnoseReport.Failures field []NodeFailure
type DiagnoseReport.OverrideCount field int
type DiagnoseReport.RunID field string
type DiagnoseReport.Suggestions field []Suggestion
type DiagnoseReport.ValidationOverrides field []pipeline.OverrideDetail
type DoctorConfig struct
type DoctorConfig.Backend field string
type DoctorConfig.PipelineFile field string
type DoctorConfig.ProbeProviders field bool
type DoctorConfig.WorkDir field string
type DoctorOption func(*DoctorConfig)
type DoctorReport struct
type DoctorReport.Checks field []CheckResult
type DoctorReport.Errors field int
type DoctorReport.OK field bool
type DoctorReport.Warnings field int
type DuplicateTestGroup struct
type DuplicateTestGroup.Kind field string
type DuplicateTestGroup.Tests field []TestLocation
type Engine struct
type FailureCause struct
type FailureCause.Detail field string
type FailureCause.Icon field string
type FailureCause.Kind field string
type FailureCause.NextSteps field string
type FailureCause.Title field string
type ForcedBundleMismatch struct
type ForcedBundleMismatch.CurrentIdentity field string
type ForcedBundleMismatch.OriginalIdentity field string
type ForcedBundleMismatch.RunID field string
type GatewayKind string
type GitConfig struct
type GitConfig.AllowInit field bool
type GitConfig.Preflight field GitPreflight
type GitPreflight = pipeline.GitPreflight
type ManagedRun struct
type ManagedRun.Key field string
type ManagedRun.WorkDir field string
type NDJSONWriter struct
type NodeFailure struct
type NodeFailure.Duration field time.Duration
type NodeFailure.Errors field []string
type NodeFailure.Handler field string
type NodeFailure.IdenticalRetries field bool
type NodeFailure.NodeID field string
type NodeFailure.Outcome field string
type NodeFailure.RetryCount field int
type NodeFailure.Stderr field string
type NodeFailure.Stdout field string
type PlanStep struct
type PlanStep.Edges field []SimEdge
type PlanStep.NodeID field string
type PlanStep.Step field int
type Result struct
type Result.ArtifactRunDir field string
type Result.BundleIdentity field string
type Result.BundlePath field string
type Result.CompletedNodes field []string
type Result.Context field map[string]string
type Result.Cost field *CostReport
type Result.EngineResult field *pipeline.EngineResult
type Result.RunID field string
type Result.Status field string
type Result.TokensByProvider field map[string]llm.Usage
type Result.ToolCallsByName field map[string]int
type Result.Trace field *pipeline.Trace
type Result.ValidationOverrides field []pipeline.OverrideDetail
type RetryRecord struct
type RetryRecord.Attempts field int
type RetryRecord.NodeID field string
type RunEstimate struct
type RunEstimate.AgentNodes field int
type RunEstimate.ExpectedUSD field float64
type RunEstimate.HighUSD field float64
type RunEstimate.LowUSD field float64
type RunEstimate.Models field []string
type RunEstimate.Steps field int
type RunManager struct
type RunManagerOption func(*RunManager)
type RunState string
type RunSummary struct
type RunSummary.BundleIdentity field string
type RunSummary.Duration field time.Duration
type RunSummary.FailedAt field string
type RunSummary.Nodes field int
type RunSummary.OverrideCount field int
type RunSummary.Restarts field int
type RunSummary.Retries field int
type RunSummary.RunID field string
type RunSummary.Status field string
type RunSummary.StatusClass field string
type RunSummary.Timestamp field time.Time
type SimEdge struct
type SimEdge.Condition field string
type SimEdge.From field string
type SimEdge.Label field string
type SimEdge.To field string
type SimNode struct
type SimNode.Attrs field map[string]string
type SimNode.Handler field string
type SimNode.ID field string
type SimNode.Label field string
type SimNode.Shape field string
type SimulateReport struct
type SimulateReport.Edges field []SimEdge
type SimulateReport.ExecutionPlan field []PlanStep
type SimulateReport.ExitNode field string
type SimulateReport.Format field string
type SimulateReport.GraphAttrs field map[string]string
type SimulateReport.Name field string
type SimulateReport.Nodes field []SimNode
type SimulateReport.StartNode field string
type SimulateReport.Unreachable field []string
type StatusEntry struct
type StatusEntry.NodeID field string
type StatusEntry.Text field string
type StatusEntry.Timestamp field string
type StreamEvent struct
type StreamEvent.AttemptNo field int
type StreamEvent.AutoStatusFailClosed field bool
type StreamEvent.AutoStatusTail field string
type StreamEvent.BundleIdentity field string
type StreamEvent.CacheReadTokens field int
type StreamEvent.CacheWriteTokens field int
type StreamEvent.CallID field string
type StreamEvent.ClearedNodes field []string
type StreamEvent.ConditionMatch field *bool
type StreamEvent.ConditionsTried field []pipeline.ConditionEval
type StreamEvent.Content field string
type StreamEvent.ContextSnapshot field map[string]string
type StreamEvent.ContextUpdates field map[string]string
type StreamEvent.ContextUtilization field float64
type StreamEvent.EdgeCondition field string
type StreamEvent.EdgeFrom field string
type StreamEvent.EdgePriority field string
type StreamEvent.EdgeTo field string
type StreamEvent.Error field string
type StreamEvent.Estimated field bool
type StreamEvent.EstimatedCost field float64
type StreamEvent.FinishReason field string
type StreamEvent.GateActor field pipeline.Actor
type StreamEvent.GateChoices field []string
type StreamEvent.GateID field string
type StreamEvent.GateLabel field string
type StreamEvent.GateMode field string
type StreamEvent.GateOutcome field string
type StreamEvent.GatePrompt field string
type StreamEvent.GateQuestions field []pipeline.GateQuestion
type StreamEvent.GateResponse field string
type StreamEvent.GateTimedOut field bool
type StreamEvent.MarkerError field string
type StreamEvent.MarkerPattern field string
type StreamEvent.MarkerTail field string
type StreamEvent.Message field string
type StreamEvent.Model field string
type StreamEvent.NodeID field string
type StreamEvent.NodeKind field string
type StreamEvent.OutcomeStatus field string
type StreamEvent.OverrideActor field pipeline.Actor
type StreamEvent.OverrideGate field string
type StreamEvent.OverrideLabel field string
type StreamEvent.OverrideSubgraphPath field []string
type StreamEvent.ParentSessionID field string
type StreamEvent.Provider field string
type StreamEvent.ProviderTotals field map[string]pipeline.ProviderUsage
type StreamEvent.ReasoningTokens field int
type StreamEvent.RestartCount field *int
type StreamEvent.RouteTail field string
type StreamEvent.RunID field string
type StreamEvent.SessionID field string
type StreamEvent.SnapshotCompletedNodes field []string
type StreamEvent.SnapshotCurrentNode field string
type StreamEvent.SnapshotExitNode field string
type StreamEvent.SnapshotNodes field []StreamSnapshotNode
type StreamEvent.SnapshotStartNode field string
type StreamEvent.Source field string
type StreamEvent.TerminalStatus field string
type StreamEvent.Timestamp field string
type StreamEvent.TokenInput field int
type StreamEvent.TokenOutput field int
type StreamEvent.ToolCacheHits field int
type StreamEvent.ToolCacheMisses field int
type StreamEvent.ToolDurationMs field int64
type StreamEvent.ToolInput field string
type StreamEvent.ToolName field string
type StreamEvent.TotalCostUSD field float64
type StreamEvent.TotalTokens field int
type StreamEvent.TruncCaptured field int
type StreamEvent.TruncDropped field int
type StreamEvent.TruncLimit field int
type StreamEvent.TruncStream field string
type StreamEvent.TruncTotal field int
type StreamEvent.TurnDurationMs field int64
type StreamEvent.TurnNo field int
type StreamEvent.Type field string
type StreamEvent.WallElapsedMs field int64
type StreamSnapshotNode struct
type StreamSnapshotNode.Handler field string
type StreamSnapshotNode.ID field string
type StreamSnapshotNode.Label field string
type Suggestion struct
type Suggestion.Kind field SuggestionKind
type Suggestion.Message field string
type Suggestion.NodeID field string
type SuggestionKind string
type TestFidelityReport struct
type TestFidelityReport.DuplicateGroups field []DuplicateTestGroup
type TestLocation struct
type TestLocation.File field string
type TestLocation.Line field int
type TestLocation.Name field string
type TestRaceReport struct
type TestRaceReport.Output field string
type TestRaceReport.Passed field bool
type TestRaceReport.RaceDetected field bool
type TestRaceReport.Ran field bool
type TestRaceReport.SkipReason field string
type TimelineEntry struct
type TimelineEntry.Duration field time.Duration
type TimelineEntry.Message field string
type TimelineEntry.NodeID field string
type TimelineEntry.Timestamp field time.Time
type TimelineEntry.Type field string
type ValidateOption func(*validateConfig)
type ValidationResult struct
type ValidationResult.Errors field []string
type ValidationResult.Graph field *pipeline.Graph
type ValidationResult.Hints field []string
type ValidationResult.Warnings field []string
type WebhookGateConfig struct
type WebhookGateConfig.AuthHeader field string
type WebhookGateConfig.CallbackAddr field string
type WebhookGateConfig.RunID field string
type WebhookGateConfig.Timeout field time.Duration
type WebhookGateConfig.TimeoutAction field string
type WebhookGateConfig.WebhookURL field string
type WorkflowInfo struct
type WorkflowInfo.DisplayName field string
type WorkflowInfo.File field string
type WorkflowInfo.Goal field string
type WorkflowInfo.Name field string
type WorkflowInfo.Requires field []string
var ErrAtCapacity
var ErrGatewayRouteRefused
var ErrRunKeyActive
